
  .   ____          _            __ _ _
 /\\ / ___'_ __ _ _(_)_ __  __ _ \ \ \ \
( ( )\___ | '_ | '_| | '_ \/ _` | \ \ \ \
 \\/  ___)| |_)| | | | | || (_| |  ) ) ) )
  '  |____| .__|_| |_|_| |_\__, | / / / /
 =========|_|==============|___/=/_/_/_/

 :: Spring Boot ::                (v3.3.4)

2026-09-15T20:06:10.960+01:00  INFO 14960 --- [user-service] [           main] c.m.userservice.UserServiceApplication   : Starting UserServiceApplication v0.1.0 using Java 17.0.17 with PID 14960 (Z:\laragon\www\eu\matching-platform\user-service\target\user-service.jar started by Israel in Z:\laragon\www\eu\matching-platform\user-service)
2026-09-15T20:06:10.988+01:00  INFO 14960 --- [user-service] [           main] c.m.userservice.UserServiceApplication   : No active profile set, falling back to 1 default profile: "default"
2026-09-15T20:06:17.077+01:00  INFO 14960 --- [user-service] [           main] o.s.b.w.embedded.tomcat.TomcatWebServer  : Tomcat initialized with port 8082 (http)
2026-09-15T20:06:17.123+01:00  INFO 14960 --- [user-service] [           main] o.apache.catalina.core.StandardService   : Starting service [Tomcat]
2026-09-15T20:06:17.126+01:00  INFO 14960 --- [user-service] [           main] o.apache.catalina.core.StandardEngine    : Starting Servlet engine: [Apache Tomcat/10.1.30]
2026-09-15T20:06:17.327+01:00  INFO 14960 --- [user-service] [           main] o.a.c.c.C.[Tomcat].[localhost].[/]       : Initializing Spring embedded WebApplicationContext
2026-09-15T20:06:17.330+01:00  INFO 14960 --- [user-service] [           main] w.s.c.ServletWebServerApplicationContext : Root WebApplicationContext: initialization completed in 6152 ms
2026-09-15T20:06:19.944+01:00  INFO 14960 --- [user-service] [           main] com.zaxxer.hikari.HikariDataSource       : HikariPool-1 - Starting...
2026-09-15T20:06:20.626+01:00  INFO 14960 --- [user-service] [           main] com.zaxxer.hikari.pool.HikariPool        : HikariPool-1 - Added connection org.postgresql.jdbc.PgConnection@5a4464c5
2026-09-15T20:06:20.632+01:00  INFO 14960 --- [user-service] [           main] com.zaxxer.hikari.HikariDataSource       : HikariPool-1 - Start completed.
2026-09-15T20:06:20.729+01:00  INFO 14960 --- [user-service] [           main] org.flywaydb.core.FlywayExecutor         : Database: jdbc:postgresql://localhost:54323/matching (PostgreSQL 16.15)
2026-09-15T20:06:21.128+01:00  INFO 14960 --- [user-service] [           main] o.f.core.internal.command.DbValidate     : Successfully validated 1 migration (execution time 00:00.177s)
2026-09-15T20:06:21.302+01:00  INFO 14960 --- [user-service] [           main] o.f.core.internal.command.DbMigrate      : Current version of schema "public": 1
2026-09-15T20:06:21.315+01:00  INFO 14960 --- [user-service] [           main] o.f.core.internal.command.DbMigrate      : Schema "public" is up to date. No migration necessary.
2026-09-15T20:06:23.752+01:00  INFO 14960 --- [user-service] [           main] o.s.b.a.e.web.EndpointLinksResolver      : Exposing 2 endpoints beneath base path '/actuator'
2026-09-15T20:06:23.936+01:00  INFO 14960 --- [user-service] [           main] o.s.b.w.embedded.tomcat.TomcatWebServer  : Tomcat started on port 8082 (http) with context path '/'
2026-09-15T20:06:23.968+01:00  INFO 14960 --- [user-service] [           main] c.m.userservice.UserServiceApplication   : Started UserServiceApplication in 15.254 seconds (process running for 17.564)
2026-09-15T20:06:24.285+01:00  INFO 14960 --- [user-service] [nio-8082-exec-1] o.a.c.c.C.[Tomcat].[localhost].[/]       : Initializing Spring DispatcherServlet 'dispatcherServlet'
2026-09-15T20:06:24.287+01:00  INFO 14960 --- [user-service] [nio-8082-exec-1] o.s.web.servlet.DispatcherServlet        : Initializing Servlet 'dispatcherServlet'
2026-09-15T20:06:24.291+01:00  INFO 14960 --- [user-service] [nio-8082-exec-1] o.s.web.servlet.DispatcherServlet        : Completed initialization in 2 ms
2026-09-15T20:06:30.409+01:00 ERROR 14960 --- [user-service] [nio-8082-exec-3] o.a.c.c.C.[.[.[/].[dispatcherServlet]    : Servlet.service() for servlet [dispatcherServlet] in context with path [] threw exception [Request processing failed: io.grpc.StatusRuntimeException: UNAVAILABLE: io exception] with root cause

java.net.ConnectException: Connection refused: getsockopt
	at java.base/sun.nio.ch.Net.pollConnect(Native Method) ~[na:na]
	at java.base/sun.nio.ch.Net.pollConnectNow(Net.java:672) ~[na:na]
	at java.base/sun.nio.ch.SocketChannelImpl.finishConnect(SocketChannelImpl.java:946) ~[na:na]
	at io.grpc.netty.shaded.io.netty.channel.socket.nio.NioSocketChannel.doFinishConnect(NioSocketChannel.java:337) ~[grpc-netty-shaded-1.65.1.jar!/:1.65.1]
	at io.grpc.netty.shaded.io.netty.channel.nio.AbstractNioChannel$AbstractNioUnsafe.finishConnect(AbstractNioChannel.java:334) ~[grpc-netty-shaded-1.65.1.jar!/:1.65.1]
	at io.grpc.netty.shaded.io.netty.channel.nio.NioEventLoop.processSelectedKey(NioEventLoop.java:776) ~[grpc-netty-shaded-1.65.1.jar!/:1.65.1]
	at io.grpc.netty.shaded.io.netty.channel.nio.NioEventLoop.processSelectedKeysOptimized(NioEventLoop.java:724) ~[grpc-netty-shaded-1.65.1.jar!/:1.65.1]
	at io.grpc.netty.shaded.io.netty.channel.nio.NioEventLoop.processSelectedKeys(NioEventLoop.java:650) ~[grpc-netty-shaded-1.65.1.jar!/:1.65.1]
	at io.grpc.netty.shaded.io.netty.channel.nio.NioEventLoop.run(NioEventLoop.java:562) ~[grpc-netty-shaded-1.65.1.jar!/:1.65.1]
	at io.grpc.netty.shaded.io.netty.util.concurrent.SingleThreadEventExecutor$4.run(SingleThreadEventExecutor.java:997) ~[grpc-netty-shaded-1.65.1.jar!/:1.65.1]
	at io.grpc.netty.shaded.io.netty.util.internal.ThreadExecutorMap$2.run(ThreadExecutorMap.java:74) ~[grpc-netty-shaded-1.65.1.jar!/:1.65.1]
	at io.grpc.netty.shaded.io.netty.util.concurrent.FastThreadLocalRunnable.run(FastThreadLocalRunnable.java:30) ~[grpc-netty-shaded-1.65.1.jar!/:1.65.1]
	at java.base/java.lang.Thread.run(Thread.java:840) ~[na:na]

