
  .   ____          _            __ _ _
 /\\ / ___'_ __ _ _(_)_ __  __ _ \ \ \ \
( ( )\___ | '_ | '_| | '_ \/ _` | \ \ \ \
 \\/  ___)| |_)| | | | | || (_| |  ) ) ) )
  '  |____| .__|_| |_|_| |_\__, | / / / /
 =========|_|==============|___/=/_/_/_/

 :: Spring Boot ::                (v3.3.4)

2026-09-15T20:09:23.707+01:00  INFO 9040 --- [user-service] [           main] c.m.userservice.UserServiceApplication   : Starting UserServiceApplication v0.1.0 using Java 17.0.17 with PID 9040 (Z:\laragon\www\eu\matching-platform\user-service\target\user-service.jar started by Israel in Z:\laragon\www\eu\matching-platform\user-service)
2026-09-15T20:09:23.722+01:00  INFO 9040 --- [user-service] [           main] c.m.userservice.UserServiceApplication   : No active profile set, falling back to 1 default profile: "default"
2026-09-15T20:09:28.093+01:00  INFO 9040 --- [user-service] [           main] o.s.b.w.embedded.tomcat.TomcatWebServer  : Tomcat initialized with port 8092 (http)
2026-09-15T20:09:28.133+01:00  INFO 9040 --- [user-service] [           main] o.apache.catalina.core.StandardService   : Starting service [Tomcat]
2026-09-15T20:09:28.134+01:00  INFO 9040 --- [user-service] [           main] o.apache.catalina.core.StandardEngine    : Starting Servlet engine: [Apache Tomcat/10.1.30]
2026-09-15T20:09:28.244+01:00  INFO 9040 --- [user-service] [           main] o.a.c.c.C.[Tomcat].[localhost].[/]       : Initializing Spring embedded WebApplicationContext
2026-09-15T20:09:28.248+01:00  INFO 9040 --- [user-service] [           main] w.s.c.ServletWebServerApplicationContext : Root WebApplicationContext: initialization completed in 4393 ms
2026-09-15T20:09:31.385+01:00  INFO 9040 --- [user-service] [           main] com.zaxxer.hikari.HikariDataSource       : HikariPool-1 - Starting...
2026-09-15T20:09:31.819+01:00  INFO 9040 --- [user-service] [           main] com.zaxxer.hikari.pool.HikariPool        : HikariPool-1 - Added connection org.postgresql.jdbc.PgConnection@59b492ec
2026-09-15T20:09:31.825+01:00  INFO 9040 --- [user-service] [           main] com.zaxxer.hikari.HikariDataSource       : HikariPool-1 - Start completed.
2026-09-15T20:09:31.893+01:00  INFO 9040 --- [user-service] [           main] org.flywaydb.core.FlywayExecutor         : Database: jdbc:postgresql://localhost:54323/matching (PostgreSQL 16.15)
2026-09-15T20:09:32.054+01:00  INFO 9040 --- [user-service] [           main] o.f.core.internal.command.DbValidate     : Successfully validated 1 migration (execution time 00:00.091s)
2026-09-15T20:09:32.120+01:00  INFO 9040 --- [user-service] [           main] o.f.core.internal.command.DbMigrate      : Current version of schema "public": 1
2026-09-15T20:09:32.128+01:00  INFO 9040 --- [user-service] [           main] o.f.core.internal.command.DbMigrate      : Schema "public" is up to date. No migration necessary.
2026-09-15T20:09:33.465+01:00  INFO 9040 --- [user-service] [           main] o.s.b.a.e.web.EndpointLinksResolver      : Exposing 2 endpoints beneath base path '/actuator'
2026-09-15T20:09:33.642+01:00  INFO 9040 --- [user-service] [           main] o.s.b.w.embedded.tomcat.TomcatWebServer  : Tomcat started on port 8092 (http) with context path '/'
2026-09-15T20:09:33.713+01:00  INFO 9040 --- [user-service] [           main] c.m.userservice.UserServiceApplication   : Started UserServiceApplication in 11.17 seconds (process running for 12.222)
2026-09-15T20:09:34.741+01:00  INFO 9040 --- [user-service] [nio-8092-exec-1] o.a.c.c.C.[Tomcat].[localhost].[/]       : Initializing Spring DispatcherServlet 'dispatcherServlet'
2026-09-15T20:09:34.743+01:00  INFO 9040 --- [user-service] [nio-8092-exec-1] o.s.web.servlet.DispatcherServlet        : Initializing Servlet 'dispatcherServlet'
2026-09-15T20:09:34.746+01:00  INFO 9040 --- [user-service] [nio-8092-exec-1] o.s.web.servlet.DispatcherServlet        : Completed initialization in 2 ms
