
  .   ____          _            __ _ _
 /\\ / ___'_ __ _ _(_)_ __  __ _ \ \ \ \
( ( )\___ | '_ | '_| | '_ \/ _` | \ \ \ \
 \\/  ___)| |_)| | | | | || (_| |  ) ) ) )
  '  |____| .__|_| |_|_| |_\__, | / / / /
 =========|_|==============|___/=/_/_/_/

 :: Spring Boot ::                (v3.3.4)

2026-09-15T19:58:57.664+01:00  INFO 2516 --- [user-service] [           main] c.m.userservice.UserServiceApplication   : Starting UserServiceApplication v0.1.0 using Java 17.0.17 with PID 2516 (Z:\laragon\www\eu\matching-platform\user-service\target\user-service.jar started by Israel in Z:\laragon\www\eu\matching-platform\user-service)
2026-09-15T19:58:57.689+01:00  INFO 2516 --- [user-service] [           main] c.m.userservice.UserServiceApplication   : No active profile set, falling back to 1 default profile: "default"
2026-09-15T19:59:02.508+01:00  INFO 2516 --- [user-service] [           main] o.s.b.w.embedded.tomcat.TomcatWebServer  : Tomcat initialized with port 8082 (http)
2026-09-15T19:59:02.547+01:00  INFO 2516 --- [user-service] [           main] o.apache.catalina.core.StandardService   : Starting service [Tomcat]
2026-09-15T19:59:02.549+01:00  INFO 2516 --- [user-service] [           main] o.apache.catalina.core.StandardEngine    : Starting Servlet engine: [Apache Tomcat/10.1.30]
2026-09-15T19:59:02.662+01:00  INFO 2516 --- [user-service] [           main] o.a.c.c.C.[Tomcat].[localhost].[/]       : Initializing Spring embedded WebApplicationContext
2026-09-15T19:59:02.667+01:00  INFO 2516 --- [user-service] [           main] w.s.c.ServletWebServerApplicationContext : Root WebApplicationContext: initialization completed in 4706 ms
2026-09-15T19:59:04.562+01:00  INFO 2516 --- [user-service] [           main] o.s.b.a.e.web.EndpointLinksResolver      : Exposing 2 endpoints beneath base path '/actuator'
2026-09-15T19:59:04.772+01:00  INFO 2516 --- [user-service] [           main] o.s.b.w.embedded.tomcat.TomcatWebServer  : Tomcat started on port 8082 (http) with context path '/'
2026-09-15T19:59:04.811+01:00  INFO 2516 --- [user-service] [           main] c.m.userservice.UserServiceApplication   : Started UserServiceApplication in 8.767 seconds (process running for 10.183)
2026-09-15T19:59:15.689+01:00  INFO 2516 --- [user-service] [nio-8082-exec-1] o.a.c.c.C.[Tomcat].[localhost].[/]       : Initializing Spring DispatcherServlet 'dispatcherServlet'
2026-09-15T19:59:15.690+01:00  INFO 2516 --- [user-service] [nio-8082-exec-1] o.s.web.servlet.DispatcherServlet        : Initializing Servlet 'dispatcherServlet'
2026-09-15T19:59:15.695+01:00  INFO 2516 --- [user-service] [nio-8082-exec-1] o.s.web.servlet.DispatcherServlet        : Completed initialization in 3 ms
